C51 COMPILER V9.57.0.0   MAIN                                                              09/15/2021 14:28:06 PAGE 1   


C51 COMPILER V9.57.0.0, COMPILATION OF MODULE MAIN
OBJECT MODULE PLACED IN .\Objects\main.obj
COMPILER INVOKED BY: D:\Keil_v5\C51\BIN\C51.EXE main.c OPTIMIZE(8,SPEED) BROWSE DEBUG OBJECTEXTEND PRINT(.\Listings\main
                    -.lst) TABS(2) OBJECT(.\Objects\main.obj)

line level    source

   1          #include<reg52.h>
   2          #include<temp.h>
   3          
   4          sbit LSA = P2^2;
   5          sbit LSB = P2^3;
   6          sbit LSC = P2^4;
   7          sbit beep = P1^5;
   8          sbit OUT1 = P1^0;
   9          sbit OUT2 = P1^1;
  10          // 读取温度函数声明
  11          int DS18B20_Read_Temp();
  12          
  13          //  数字0-9段码
  14          uchar code SMG[10]={0x3f,0x06,0x5b,0x4f,0x66,0x6d,0x7d,0x07,0x7f,0x6f};
  15          //  温度
  16          uchar global_temp;
  17          uchar Tempdata[6];
  18          
  19          //10us=0.01ms
  20          void delay(uint time)
  21          {
  22   1            while(time--);
  23   1      }
  24          
  25          void Display()
  26          {
  27   1            uchar i;
  28   1            for(i = 1; i <= 8; i++)
  29   1            {
  30   2                  switch(i)
  31   2                  {
  32   3                        case 1:
  33   3                          LSA=0;LSB=0;LSC=0;P0 = Tempdata[5];break;
  34   3                        case 2:
  35   3                          LSA=1;LSB=0;LSC=0;P0 = Tempdata[4];break;
  36   3                        case 3:
  37   3                          LSA=0;LSB=1;LSC=0;P0 = Tempdata[3];break;   //个位
  38   3                        case 4:
  39   3                          LSA=1;LSB=1;LSC=0;P0 = Tempdata[2];break;   //十位
  40   3                        case 5:
  41   3                          LSA=0;LSB=0;LSC=1;P0 = Tempdata[1];break;
  42   3                        case 6:
  43   3                          LSA=1;LSB=0;LSC=1;P0 = Tempdata[0];break;
  44   3                        case 7:
  45   3                          LSA=0;LSB=1;LSC=1;P0 = 0x00;break;
  46   3                        case 8:
  47   3                          LSA=1;LSB=1;LSC=1;P0 = 0x00;break;
  48   3                  }
  49   2                  delay(100);
  50   2                  P0 = 0x00;
  51   2            }
  52   1      }
  53          //  数据处理： 将返回的int温度值（12位）添加到Tempdata准备数码管显示
  54          void tempdata_handle(int temp)
C51 COMPILER V9.57.0.0   MAIN                                                              09/15/2021 14:28:06 PAGE 2   

  55          {
  56   1            float tp;
  57   1            //如果温度小于0
  58   1            if(temp < 0)
  59   1            {
  60   2                  Tempdata[0] = 0x40;                     //  显示负号
  61   2                  temp -= 1;                              //  负数补码求原码：补码 - 1 再取反
  62   2                  temp = ~temp;
  63   2                  tp = temp;
  64   2                  temp = tp * 0.0625 * 100;               //  温度数值放大一百倍
  65   2            }
  66   1            else
  67   1            {
  68   2                  Tempdata[0] = 0x00;                     //  不显示符号
  69   2                  tp = temp;  
  70   2                  temp = tp * 0.0625 * 100;               //  温度数值放大一百倍
  71   2            }
  72   1            /*-------======将数据存放至数组中======--------*/
  73   1            Tempdata[1] = SMG[temp / 10000];
  74   1            Tempdata[2] = SMG[temp % 10000 / 1000];
  75   1            Tempdata[3] = SMG[temp % 1000 / 100] | 0x80;    //添加小数点
  76   1            Tempdata[4] = SMG[temp % 100 / 10];
  77   1            Tempdata[5] = SMG[temp %100 % 10];
  78   1            global_temp = (temp % 10000 / 1000) * 10 + (temp % 1000 / 100);
  79   1      }
  80          
  81          //蜂鸣器响
  82          void bee()
  83          {
  84   1        int i = 100;
  85   1        beep = 0;
  86   1        while(i--)
  87   1        {
  88   2          beep = ~beep;
  89   2          delay(200);
  90   2        }
  91   1        i = 100;
  92   1        while(i--)
  93   1        {
  94   2          beep = ~beep;
  95   2          delay(100);
  96   2        }
  97   1      }
  98          
  99          void main()
 100          {
 101   1            OUT2 = 0x02;
 102   1            //配置定时器:256us
 103   1            TMOD = 0x02;
 104   1            //预置数
 105   1            TH0 = 0x00;
 106   1            //计数器
 107   1            TL0 = 0x00;
 108   1            //配置中断
 109   1            EA =1;//总中断
 110   1            ET0 = 1;//下降沿触发
 111   1            TR0 = 1;//定时器0开始工作
 112   1        
 113   1            tempdata_handle(DS18B20_Read_Temp());
 114   1            Display();
 115   1      }
 116          
C51 COMPILER V9.57.0.0   MAIN                                                              09/15/2021 14:28:06 PAGE 3   

 117          //定时器0中断
 118          void time_0 () interrupt 1
 119          {
 120   1          if(global_temp >= 27){
 121   2                // 警报
 122   2                beep = ~beep;
 123   2                // 风扇
 124   2                OUT1 = 0x01;
 125   2          }
 126   1          else
 127   1          {
 128   2                OUT1 = 0x00;
 129   2          }
 130   1      }


MODULE INFORMATION:   STATIC OVERLAYABLE
   CODE SIZE        =    555    ----
   CONSTANT SIZE    =     10    ----
   XDATA SIZE       =   ----    ----
   PDATA SIZE       =   ----    ----
   DATA SIZE        =      7       6
   IDATA SIZE       =   ----    ----
   BIT SIZE         =   ----    ----
END OF MODULE INFORMATION.


C51 COMPILATION COMPLETE.  0 WARNING(S),  0 ERROR(S)
